// Jest Snapshot v1, https://goo.gl/fbAQLP

exports[`Pruebas en <FirstApp/> debe de hacer match con el snapshot 1`] = `
<div>
  <p>
     
    Hola,Soy teemo
     
  </p>
  <p>
    no hay subtitulo
  </p>
  <p>
    valentin jeje
  </p>
</div>
`;
